<h1>Default test</h1>

<p>This is an example: <span class="katex"><span class="katex-inner"><span class="strut" style="height:0.913389em;"></span><span class="strut bottom" style="height:1.04em;vertical-align:-0.12661100000000008em;"></span><span class="base textstyle uncramped"><span class="mord mathit">c</span><span class="mrel">=</span><span class="mord">±</span><span class="sqrt mord"><span class="sqrt-sign" style="top:-0.07338899999999993em;"><span class="style-wrap reset-textstyle textstyle uncramped">√</span></span><span class="vlist"><span style="top:0em;"><span class="fontsize-ensurer reset-size5 size5"><span style="font-size:1em;">​</span></span><span class="mord textstyle cramped"><span class="mord"><span class="mord mathit">a</span><span class="vlist"><span style="top:-0.289em;margin-right:0.05em;"><span class="fontsize-ensurer reset-size5 size5"><span style="font-size:0em;">​</span></span><span class="reset-textstyle scriptstyle cramped"><span class="mord">2</span></span></span><span class="baseline-fix"><span class="fontsize-ensurer reset-size5 size5"><span style="font-size:0em;">​</span></span>​</span></span></span><span class="mbin">+</span><span class="mord"><span class="mord mathit">b</span><span class="vlist"><span style="top:-0.289em;margin-right:0.05em;"><span class="fontsize-ensurer reset-size5 size5"><span style="font-size:0em;">​</span></span><span class="reset-textstyle scriptstyle cramped"><span class="mord">2</span></span></span><span class="baseline-fix"><span class="fontsize-ensurer reset-size5 size5"><span style="font-size:0em;">​</span></span>​</span></span></span></span></span><span style="top:-0.8333889999999999em;"><span class="fontsize-ensurer reset-size5 size5"><span style="font-size:1em;">​</span></span><span class="reset-textstyle textstyle uncramped sqrt-line"></span></span><span class="baseline-fix"><span class="fontsize-ensurer reset-size5 size5"><span style="font-size:1em;">​</span></span>​</span></span></span></span></span></span></p>
