<meta charset="utf-8">
<link rel="stylesheet" href="https://cdnjs.cloudflare.com/ajax/libs/KaTeX/0.3.0/katex.min.css">

<h1>Default test</h1>

<p>This is an example: <span class="katex-display"><span class="katex"><span class="katex-mathml"><math><semantics><mrow><mi>c</mi><mo>=</mo><mo>±</mo><msqrt><mrow><msup><mi>a</mi><mn>2</mn></msup><mo>+</mo><msup><mi>b</mi><mn>2</mn></msup></mrow></msqrt></mrow><annotation encoding="application/x-tex">c = \pm\sqrt{a^2 + b^2}</annotation></semantics></math></span><span class="katex-html" aria-hidden="true"><span class="strut" style="height:1.0622690000000001em;"></span><span class="strut bottom" style="height:1.24001em;vertical-align:-0.17774099999999987em;"></span><span class="base displaystyle textstyle uncramped"><span class="mord mathit">c</span><span class="mrel">=</span><span class="mord">±</span><span class="sqrt mord"><span class="sqrt-sign" style="top:-0.17226900000000012em;"><span class="style-wrap reset-textstyle textstyle uncramped"><span class="delimsizing size1">√</span></span></span><span class="vlist"><span style="top:0em;"><span class="fontsize-ensurer reset-size5 size5"><span style="font-size:1em;">​</span></span><span class="mord displaystyle textstyle cramped"><span class="mord"><span class="mord mathit">a</span><span class="vlist"><span style="top:-0.289em;margin-right:0.05em;"><span class="fontsize-ensurer reset-size5 size5"><span style="font-size:0em;">​</span></span><span class="reset-textstyle scriptstyle cramped"><span class="mord">2</span></span></span><span class="baseline-fix"><span class="fontsize-ensurer reset-size5 size5"><span style="font-size:0em;">​</span></span>​</span></span></span><span class="mbin">+</span><span class="mord"><span class="mord mathit">b</span><span class="vlist"><span style="top:-0.289em;margin-right:0.05em;"><span class="fontsize-ensurer reset-size5 size5"><span style="font-size:0em;">​</span></span><span class="reset-textstyle scriptstyle cramped"><span class="mord">2</span></span></span><span class="baseline-fix"><span class="fontsize-ensurer reset-size5 size5"><span style="font-size:0em;">​</span></span>​</span></span></span></span></span><span style="top:-0.9822690000000001em;"><span class="fontsize-ensurer reset-size5 size5"><span style="font-size:1em;">​</span></span><span class="reset-textstyle textstyle uncramped sqrt-line"></span></span><span class="baseline-fix"><span class="fontsize-ensurer reset-size5 size5"><span style="font-size:1em;">​</span></span>​</span></span></span></span></span></span></span></p>
